---
source: timeblok-compiler/src/tests/tests.rs
expression: "compile_deterministic(&input,\n        ExactDateTime::from_ymd_hms(2023, 1, 1, 0, 0, 0).clone()).unwrap()"
input_file: timeblok-compiler/src/tests/bloks/filter_dow.tb
---
BEGIN:VCALENDAR
VERSION:2.0
PRODID:ICALENDAR-RS
CALSCALE:GREGORIAN
BEGIN:VEVENT
DTEND:20230102T023000Z
DTSTAMP:20221231T160000Z
DTSTART:20230102T020000Z
SUMMARY:wakeup
UID:c8e1eb22-a627-3daa-884c-2205cf78d075
END:VEVENT
BEGIN:VEVENT
DTEND:20230103T023000Z
DTSTAMP:20221231T160000Z
DTSTART:20230103T020000Z
SUMMARY:wakeup
UID:9311744c-3746-3502-84c9-d06e8b5ea2d6
END:VEVENT
BEGIN:VEVENT
DTEND:20230105T023000Z
DTSTAMP:20221231T160000Z
DTSTART:20230105T020000Z
SUMMARY:wakeup
UID:4bb9c1a0-ded7-3f16-93fb-bd2cbac9a815
END:VEVENT
BEGIN:VEVENT
DTEND:20230109T023000Z
DTSTAMP:20221231T160000Z
DTSTART:20230109T020000Z
SUMMARY:wakeup
UID:78f8cf0b-0c6a-3fb8-9d24-1e4a8e882eaa
END:VEVENT
BEGIN:VEVENT
DTEND:20230110T023000Z
DTSTAMP:20221231T160000Z
DTSTART:20230110T020000Z
SUMMARY:wakeup
UID:c8f0193b-cdc1-3f89-93db-2fc9698580bd
END:VEVENT
BEGIN:VEVENT
DTEND:20230112T023000Z
DTSTAMP:20221231T160000Z
DTSTART:20230112T020000Z
SUMMARY:wakeup
UID:80c57eb0-2acb-36ac-89f9-95f0481c77a6
END:VEVENT
BEGIN:VEVENT
DTEND:20230116T023000Z
DTSTAMP:20221231T160000Z
DTSTART:20230116T020000Z
SUMMARY:wakeup
UID:a04c4b4b-7d76-3479-84b0-646b305d32b4
END:VEVENT
BEGIN:VEVENT
DTEND:20230117T023000Z
DTSTAMP:20221231T160000Z
DTSTART:20230117T020000Z
SUMMARY:wakeup
UID:f98be397-abfb-3f91-8448-29738a166724
END:VEVENT
BEGIN:VEVENT
DTEND:20230119T023000Z
DTSTAMP:20221231T160000Z
DTSTART:20230119T020000Z
SUMMARY:wakeup
UID:ccfcea68-5ad0-3f02-9565-f4a496b398e6
END:VEVENT
BEGIN:VEVENT
DTEND:20230123T023000Z
DTSTAMP:20221231T160000Z
DTSTART:20230123T020000Z
SUMMARY:wakeup
UID:e80160bc-f25a-3566-bf9b-a16e91ef6ee4
END:VEVENT
BEGIN:VEVENT
DTEND:20230124T023000Z
DTSTAMP:20221231T160000Z
DTSTART:20230124T020000Z
SUMMARY:wakeup
UID:ad0ba92c-49be-3dd4-a57e-9937c835ee7a
END:VEVENT
BEGIN:VEVENT
DTEND:20230126T023000Z
DTSTAMP:20221231T160000Z
DTSTART:20230126T020000Z
SUMMARY:wakeup
UID:021e4910-26aa-36f6-9b2e-40e7fa27f124
END:VEVENT
BEGIN:VEVENT
DTEND:20230130T023000Z
DTSTAMP:20221231T160000Z
DTSTART:20230130T020000Z
SUMMARY:wakeup
UID:4c760b19-ee4a-34c2-bf58-4c2580f064d0
END:VEVENT
BEGIN:VEVENT
DTEND:20230131T023000Z
DTSTAMP:20221231T160000Z
DTSTART:20230131T020000Z
SUMMARY:wakeup
UID:012a6243-4fe1-3b3f-9ef2-305b0f609f81
END:VEVENT
BEGIN:VEVENT
DTEND:20230202T023000Z
DTSTAMP:20221231T160000Z
DTSTART:20230202T020000Z
SUMMARY:wakeup
UID:f55d153e-6007-32a5-894e-41217e3ff851
END:VEVENT
BEGIN:VEVENT
DTEND:20230206T023000Z
DTSTAMP:20221231T160000Z
DTSTART:20230206T020000Z
SUMMARY:wakeup
UID:48221549-0cb2-3f55-9e57-ed1d230391bc
END:VEVENT
BEGIN:VEVENT
DTEND:20230207T023000Z
DTSTAMP:20221231T160000Z
DTSTART:20230207T020000Z
SUMMARY:wakeup
UID:3d2e2f80-2f42-3dac-b41e-b4948b93d6b1
END:VEVENT
BEGIN:VEVENT
DTEND:20230209T023000Z
DTSTAMP:20221231T160000Z
DTSTART:20230209T020000Z
SUMMARY:wakeup
UID:36273f37-0f38-3c24-a082-31e6542f612c
END:VEVENT
BEGIN:VEVENT
DTEND:20230213T023000Z
DTSTAMP:20221231T160000Z
DTSTART:20230213T020000Z
SUMMARY:wakeup
UID:009b03cb-7e68-318a-96a7-a96f0aa48a3e
END:VEVENT
BEGIN:VEVENT
DTEND:20230214T023000Z
DTSTAMP:20221231T160000Z
DTSTART:20230214T020000Z
SUMMARY:wakeup
UID:07ab2927-47da-39c1-a93e-f002211b36b9
END:VEVENT
BEGIN:VEVENT
DTEND:20230216T023000Z
DTSTAMP:20221231T160000Z
DTSTART:20230216T020000Z
SUMMARY:wakeup
UID:2a55377d-f12b-3fe8-b927-e04f6caf8d3e
END:VEVENT
BEGIN:VEVENT
DTEND:20230220T023000Z
DTSTAMP:20221231T160000Z
DTSTART:20230220T020000Z
SUMMARY:wakeup
UID:dee4fd48-b6c0-3816-a214-4e6ff3176277
END:VEVENT
BEGIN:VEVENT
DTEND:20230221T023000Z
DTSTAMP:20221231T160000Z
DTSTART:20230221T020000Z
SUMMARY:wakeup
UID:13caf997-8945-3ec2-a64b-5995b002236a
END:VEVENT
BEGIN:VEVENT
DTEND:20230223T023000Z
DTSTAMP:20221231T160000Z
DTSTART:20230223T020000Z
SUMMARY:wakeup
UID:0b3a9512-4f41-3903-8705-2df4c7427ce3
END:VEVENT
BEGIN:VEVENT
DTEND:20230227T023000Z
DTSTAMP:20221231T160000Z
DTSTART:20230227T020000Z
SUMMARY:wakeup
UID:92dc7c9b-a35b-3363-ae78-3ef5ef11d14a
END:VEVENT
BEGIN:VEVENT
DTEND:20230228T023000Z
DTSTAMP:20221231T160000Z
DTSTART:20230228T020000Z
SUMMARY:wakeup
UID:fe8eac2c-3cc0-3dec-b01d-9e73c4e1573a
END:VEVENT
BEGIN:VEVENT
DTEND:20230302T023000Z
DTSTAMP:20221231T160000Z
DTSTART:20230302T020000Z
SUMMARY:wakeup
UID:4b0f2d31-630a-3ccf-9198-d7d64d8f7526
END:VEVENT
BEGIN:VEVENT
DTEND:20230306T023000Z
DTSTAMP:20221231T160000Z
DTSTART:20230306T020000Z
SUMMARY:wakeup
UID:454a763b-fc63-3ecf-9231-c32c131ccfc7
END:VEVENT
BEGIN:VEVENT
DTEND:20230307T023000Z
DTSTAMP:20221231T160000Z
DTSTART:20230307T020000Z
SUMMARY:wakeup
UID:8cfdf35b-d897-33e6-bdc0-8621e3be1dcc
END:VEVENT
BEGIN:VEVENT
DTEND:20230309T023000Z
DTSTAMP:20221231T160000Z
DTSTART:20230309T020000Z
SUMMARY:wakeup
UID:0a25865b-970a-3281-b8de-aac852124754
END:VEVENT
BEGIN:VEVENT
DTEND:20230313T023000Z
DTSTAMP:20221231T160000Z
DTSTART:20230313T020000Z
SUMMARY:wakeup
UID:8f3c2639-db32-3adc-af34-97a8f872fd36
END:VEVENT
BEGIN:VEVENT
DTEND:20230314T023000Z
DTSTAMP:20221231T160000Z
DTSTART:20230314T020000Z
SUMMARY:wakeup
UID:0e45e296-08a3-3349-99f0-a02913160ea6
END:VEVENT
BEGIN:VEVENT
DTEND:20230316T023000Z
DTSTAMP:20221231T160000Z
DTSTART:20230316T020000Z
SUMMARY:wakeup
UID:1aaf74d5-bf9e-3e0e-8cce-9d1176d63134
END:VEVENT
BEGIN:VEVENT
DTEND:20230320T023000Z
DTSTAMP:20221231T160000Z
DTSTART:20230320T020000Z
SUMMARY:wakeup
UID:d84ca17c-bddb-3cc6-a801-7b32dd081966
END:VEVENT
BEGIN:VEVENT
DTEND:20230321T023000Z
DTSTAMP:20221231T160000Z
DTSTART:20230321T020000Z
SUMMARY:wakeup
UID:d8229437-a66d-372b-b37e-0c99a0c10b82
END:VEVENT
BEGIN:VEVENT
DTEND:20230323T023000Z
DTSTAMP:20221231T160000Z
DTSTART:20230323T020000Z
SUMMARY:wakeup
UID:cb925521-9364-30b4-bca8-6864225fa387
END:VEVENT
BEGIN:VEVENT
DTEND:20230327T023000Z
DTSTAMP:20221231T160000Z
DTSTART:20230327T020000Z
SUMMARY:wakeup
UID:5a8a682d-cde0-3f79-8714-611640ad72c9
END:VEVENT
BEGIN:VEVENT
DTEND:20230328T023000Z
DTSTAMP:20221231T160000Z
DTSTART:20230328T020000Z
SUMMARY:wakeup
UID:77d8a03c-8ec8-3d73-be30-60cc1d67fa4e
END:VEVENT
BEGIN:VEVENT
DTEND:20230330T023000Z
DTSTAMP:20221231T160000Z
DTSTART:20230330T020000Z
SUMMARY:wakeup
UID:d9576391-be3f-31f6-8461-79bc5503c6a4
END:VEVENT
BEGIN:VEVENT
DTEND:20230403T023000Z
DTSTAMP:20221231T160000Z
DTSTART:20230403T020000Z
SUMMARY:wakeup
UID:f020cc52-5f5f-3ad6-ba61-0cf61b0d45ee
END:VEVENT
BEGIN:VEVENT
DTEND:20230404T023000Z
DTSTAMP:20221231T160000Z
DTSTART:20230404T020000Z
SUMMARY:wakeup
UID:15640e38-7aa1-31b3-a9ad-59cca28ae3e9
END:VEVENT
BEGIN:VEVENT
DTEND:20230406T023000Z
DTSTAMP:20221231T160000Z
DTSTART:20230406T020000Z
SUMMARY:wakeup
UID:da4743b9-3b96-3409-be1b-fed5f477d223
END:VEVENT
BEGIN:VEVENT
DTEND:20230410T023000Z
DTSTAMP:20221231T160000Z
DTSTART:20230410T020000Z
SUMMARY:wakeup
UID:08998a0c-fcf4-34a9-b444-f2bfc15731dc
END:VEVENT
BEGIN:VEVENT
DTEND:20230411T023000Z
DTSTAMP:20221231T160000Z
DTSTART:20230411T020000Z
SUMMARY:wakeup
UID:31c2aea8-5c8e-373f-bbe8-478da241e1fc
END:VEVENT
BEGIN:VEVENT
DTEND:20230413T023000Z
DTSTAMP:20221231T160000Z
DTSTART:20230413T020000Z
SUMMARY:wakeup
UID:dbc6ad8f-311c-3794-ad2e-521f0e6684cc
END:VEVENT
BEGIN:VEVENT
DTEND:20230417T023000Z
DTSTAMP:20221231T160000Z
DTSTART:20230417T020000Z
SUMMARY:wakeup
UID:26b3fac0-d998-37fd-bd36-7f7c3b0cae7e
END:VEVENT
BEGIN:VEVENT
DTEND:20230418T023000Z
DTSTAMP:20221231T160000Z
DTSTART:20230418T020000Z
SUMMARY:wakeup
UID:0f9fe669-c5a7-31a8-bb38-3bd3c4cae055
END:VEVENT
BEGIN:VEVENT
DTEND:20230420T023000Z
DTSTAMP:20221231T160000Z
DTSTART:20230420T020000Z
SUMMARY:wakeup
UID:ee1301ee-e935-3a18-8681-b9bd95c866a6
END:VEVENT
BEGIN:VEVENT
DTEND:20230424T023000Z
DTSTAMP:20221231T160000Z
DTSTART:20230424T020000Z
SUMMARY:wakeup
UID:cada52b5-6a10-30dd-8cc0-74a5b4bf9c1e
END:VEVENT
BEGIN:VEVENT
DTEND:20230425T023000Z
DTSTAMP:20221231T160000Z
DTSTART:20230425T020000Z
SUMMARY:wakeup
UID:2cf4551e-aa4a-3d36-a3d2-65bc6818266e
END:VEVENT
BEGIN:VEVENT
DTEND:20230427T023000Z
DTSTAMP:20221231T160000Z
DTSTART:20230427T020000Z
SUMMARY:wakeup
UID:23ea1baf-6ab4-3aba-adc9-ce1e94afe80f
END:VEVENT
BEGIN:VEVENT
DTEND:20230501T023000Z
DTSTAMP:20221231T160000Z
DTSTART:20230501T020000Z
SUMMARY:wakeup
UID:af098f79-d7dc-37b7-a418-5b15cbc72aca
END:VEVENT
BEGIN:VEVENT
DTEND:20230502T023000Z
DTSTAMP:20221231T160000Z
DTSTART:20230502T020000Z
SUMMARY:wakeup
UID:9e9326dc-ab99-3a46-b5ed-6658c6cbad05
END:VEVENT
BEGIN:VEVENT
DTEND:20230504T023000Z
DTSTAMP:20221231T160000Z
DTSTART:20230504T020000Z
SUMMARY:wakeup
UID:a1fc8ecd-7924-329e-85f8-f4acffc2bdee
END:VEVENT
BEGIN:VEVENT
DTEND:20230508T023000Z
DTSTAMP:20221231T160000Z
DTSTART:20230508T020000Z
SUMMARY:wakeup
UID:42a924a3-4754-3360-aabc-27f7c2db221f
END:VEVENT
BEGIN:VEVENT
DTEND:20230509T023000Z
DTSTAMP:20221231T160000Z
DTSTART:20230509T020000Z
SUMMARY:wakeup
UID:c7a5d40d-597d-3545-9d8e-c1ca05c4a5e7
END:VEVENT
BEGIN:VEVENT
DTEND:20230511T023000Z
DTSTAMP:20221231T160000Z
DTSTART:20230511T020000Z
SUMMARY:wakeup
UID:495272bf-344a-36d0-bac0-7eda51055bd7
END:VEVENT
BEGIN:VEVENT
DTEND:20230515T023000Z
DTSTAMP:20221231T160000Z
DTSTART:20230515T020000Z
SUMMARY:wakeup
UID:3b6466d7-52d4-3e80-9e0f-ad138b4a1c1c
END:VEVENT
BEGIN:VEVENT
DTEND:20230516T023000Z
DTSTAMP:20221231T160000Z
DTSTART:20230516T020000Z
SUMMARY:wakeup
UID:e25c1774-5389-3ca8-9b8d-fe5781404f23
END:VEVENT
BEGIN:VEVENT
DTEND:20230518T023000Z
DTSTAMP:20221231T160000Z
DTSTART:20230518T020000Z
SUMMARY:wakeup
UID:1e748d57-3cc9-3e82-8851-751041c640e4
END:VEVENT
BEGIN:VEVENT
DTEND:20230522T023000Z
DTSTAMP:20221231T160000Z
DTSTART:20230522T020000Z
SUMMARY:wakeup
UID:b91122cd-f685-3cc5-9abb-3e74d35c5dd9
END:VEVENT
BEGIN:VEVENT
DTEND:20230523T023000Z
DTSTAMP:20221231T160000Z
DTSTART:20230523T020000Z
SUMMARY:wakeup
UID:2be0efdd-ec46-35c9-94c4-859c5d6ba1ce
END:VEVENT
BEGIN:VEVENT
DTEND:20230525T023000Z
DTSTAMP:20221231T160000Z
DTSTART:20230525T020000Z
SUMMARY:wakeup
UID:b138c343-ce84-37e6-92a2-85265653ea6b
END:VEVENT
BEGIN:VEVENT
DTEND:20230529T023000Z
DTSTAMP:20221231T160000Z
DTSTART:20230529T020000Z
SUMMARY:wakeup
UID:8d023095-0d7d-38a0-b93d-446f872dd8dd
END:VEVENT
BEGIN:VEVENT
DTEND:20230530T023000Z
DTSTAMP:20221231T160000Z
DTSTART:20230530T020000Z
SUMMARY:wakeup
UID:f53412fe-54b3-3596-a78d-054dc6f1d37e
END:VEVENT
BEGIN:VEVENT
DTEND:20230601T023000Z
DTSTAMP:20221231T160000Z
DTSTART:20230601T020000Z
SUMMARY:wakeup
UID:c194b108-89c6-3d52-9545-a58aaedf19d2
END:VEVENT
BEGIN:VEVENT
DTEND:20230605T023000Z
DTSTAMP:20221231T160000Z
DTSTART:20230605T020000Z
SUMMARY:wakeup
UID:55d35d03-a5d2-31b6-805c-16eceba4a4de
END:VEVENT
BEGIN:VEVENT
DTEND:20230606T023000Z
DTSTAMP:20221231T160000Z
DTSTART:20230606T020000Z
SUMMARY:wakeup
UID:58cafb7b-4d79-3262-9b6a-b2a011ccb186
END:VEVENT
BEGIN:VEVENT
DTEND:20230608T023000Z
DTSTAMP:20221231T160000Z
DTSTART:20230608T020000Z
SUMMARY:wakeup
UID:c8aecef1-1274-3d5c-9025-66dcf2aaddfb
END:VEVENT
BEGIN:VEVENT
DTEND:20230612T023000Z
DTSTAMP:20221231T160000Z
DTSTART:20230612T020000Z
SUMMARY:wakeup
UID:4c113eaf-36ea-3891-b63d-5d074829201e
END:VEVENT
BEGIN:VEVENT
DTEND:20230613T023000Z
DTSTAMP:20221231T160000Z
DTSTART:20230613T020000Z
SUMMARY:wakeup
UID:a9a78c31-f63c-310c-99fe-80552042cc27
END:VEVENT
BEGIN:VEVENT
DTEND:20230615T023000Z
DTSTAMP:20221231T160000Z
DTSTART:20230615T020000Z
SUMMARY:wakeup
UID:272cfc2e-b4c4-346e-b1e5-42dbea67631c
END:VEVENT
BEGIN:VEVENT
DTEND:20230619T023000Z
DTSTAMP:20221231T160000Z
DTSTART:20230619T020000Z
SUMMARY:wakeup
UID:526b2621-7c4b-3158-97e3-f590f8575dfa
END:VEVENT
BEGIN:VEVENT
DTEND:20230620T023000Z
DTSTAMP:20221231T160000Z
DTSTART:20230620T020000Z
SUMMARY:wakeup
UID:8905c221-1ee5-3082-b738-132582815b98
END:VEVENT
BEGIN:VEVENT
DTEND:20230622T023000Z
DTSTAMP:20221231T160000Z
DTSTART:20230622T020000Z
SUMMARY:wakeup
UID:cee7afbd-5830-39d7-9f04-ff60dedccc42
END:VEVENT
BEGIN:VEVENT
DTEND:20230626T023000Z
DTSTAMP:20221231T160000Z
DTSTART:20230626T020000Z
SUMMARY:wakeup
UID:9c5fe945-7ad0-351f-9644-8ecc5d63c196
END:VEVENT
BEGIN:VEVENT
DTEND:20230627T023000Z
DTSTAMP:20221231T160000Z
DTSTART:20230627T020000Z
SUMMARY:wakeup
UID:8a9a986a-8d9b-310a-9e58-82016d1e3b9a
END:VEVENT
BEGIN:VEVENT
DTEND:20230629T023000Z
DTSTAMP:20221231T160000Z
DTSTART:20230629T020000Z
SUMMARY:wakeup
UID:5023be97-0cb9-3714-acbc-7c7f9526d127
END:VEVENT
BEGIN:VEVENT
DTEND:20230703T023000Z
DTSTAMP:20221231T160000Z
DTSTART:20230703T020000Z
SUMMARY:wakeup
UID:cf6ea641-b3be-3bef-82bd-ace1d1a43bdb
END:VEVENT
BEGIN:VEVENT
DTEND:20230704T023000Z
DTSTAMP:20221231T160000Z
DTSTART:20230704T020000Z
SUMMARY:wakeup
UID:bef0e74d-9a6f-3c6e-9c97-96d52d820805
END:VEVENT
BEGIN:VEVENT
DTEND:20230706T023000Z
DTSTAMP:20221231T160000Z
DTSTART:20230706T020000Z
SUMMARY:wakeup
UID:7081e390-3dde-3eb3-aae8-be84c154c3d7
END:VEVENT
BEGIN:VEVENT
DTEND:20230710T023000Z
DTSTAMP:20221231T160000Z
DTSTART:20230710T020000Z
SUMMARY:wakeup
UID:d81ed59f-022b-3b74-accf-a76c9d38cc50
END:VEVENT
BEGIN:VEVENT
DTEND:20230711T023000Z
DTSTAMP:20221231T160000Z
DTSTART:20230711T020000Z
SUMMARY:wakeup
UID:758fd42b-cfb6-3d0b-a938-005bcc420874
END:VEVENT
BEGIN:VEVENT
DTEND:20230713T023000Z
DTSTAMP:20221231T160000Z
DTSTART:20230713T020000Z
SUMMARY:wakeup
UID:73a454a1-b310-360d-a247-33a0d4932844
END:VEVENT
BEGIN:VEVENT
DTEND:20230717T023000Z
DTSTAMP:20221231T160000Z
DTSTART:20230717T020000Z
SUMMARY:wakeup
UID:7d6878f2-b9ef-3012-9399-7018f8d28b38
END:VEVENT
BEGIN:VEVENT
DTEND:20230718T023000Z
DTSTAMP:20221231T160000Z
DTSTART:20230718T020000Z
SUMMARY:wakeup
UID:fa0e779d-3591-3e15-a652-a23080c55c2f
END:VEVENT
BEGIN:VEVENT
DTEND:20230720T023000Z
DTSTAMP:20221231T160000Z
DTSTART:20230720T020000Z
SUMMARY:wakeup
UID:c83a73af-2139-30a9-a5aa-a561f95db13b
END:VEVENT
BEGIN:VEVENT
DTEND:20230724T023000Z
DTSTAMP:20221231T160000Z
DTSTART:20230724T020000Z
SUMMARY:wakeup
UID:b7ea8759-ce70-3120-86b0-6bab0d4d8842
END:VEVENT
BEGIN:VEVENT
DTEND:20230725T023000Z
DTSTAMP:20221231T160000Z
DTSTART:20230725T020000Z
SUMMARY:wakeup
UID:7faac1e4-4cfa-35bd-bc88-6138156cdfec
END:VEVENT
BEGIN:VEVENT
DTEND:20230727T023000Z
DTSTAMP:20221231T160000Z
DTSTART:20230727T020000Z
SUMMARY:wakeup
UID:420e5dc8-5bd0-3a1a-9632-a69739a76da5
END:VEVENT
BEGIN:VEVENT
DTEND:20230731T023000Z
DTSTAMP:20221231T160000Z
DTSTART:20230731T020000Z
SUMMARY:wakeup
UID:8c10d456-eaf8-3577-82e5-b17fff745ac8
END:VEVENT
BEGIN:VEVENT
DTEND:20230801T023000Z
DTSTAMP:20221231T160000Z
DTSTART:20230801T020000Z
SUMMARY:wakeup
UID:dd0332f2-a088-3d47-8aee-8480b80ebc3c
END:VEVENT
BEGIN:VEVENT
DTEND:20230803T023000Z
DTSTAMP:20221231T160000Z
DTSTART:20230803T020000Z
SUMMARY:wakeup
UID:cdc681da-dc41-34c0-8d1f-cf588100f308
END:VEVENT
BEGIN:VEVENT
DTEND:20230807T023000Z
DTSTAMP:20221231T160000Z
DTSTART:20230807T020000Z
SUMMARY:wakeup
UID:cfc0ad72-78d7-39cd-bc8b-33a42630e7ef
END:VEVENT
BEGIN:VEVENT
DTEND:20230808T023000Z
DTSTAMP:20221231T160000Z
DTSTART:20230808T020000Z
SUMMARY:wakeup
UID:0f4f3776-9ad1-345e-8ba0-0d1c540d234f
END:VEVENT
BEGIN:VEVENT
DTEND:20230810T023000Z
DTSTAMP:20221231T160000Z
DTSTART:20230810T020000Z
SUMMARY:wakeup
UID:963be206-2ef3-36ae-b1ce-859e4185c6bd
END:VEVENT
BEGIN:VEVENT
DTEND:20230814T023000Z
DTSTAMP:20221231T160000Z
DTSTART:20230814T020000Z
SUMMARY:wakeup
UID:e8a4bf33-0702-37fc-87b1-ebc87d5ee0da
END:VEVENT
BEGIN:VEVENT
DTEND:20230815T023000Z
DTSTAMP:20221231T160000Z
DTSTART:20230815T020000Z
SUMMARY:wakeup
UID:cff0330a-665d-3a42-8454-2d999ad6d285
END:VEVENT
BEGIN:VEVENT
DTEND:20230817T023000Z
DTSTAMP:20221231T160000Z
DTSTART:20230817T020000Z
SUMMARY:wakeup
UID:e1d2cfff-4263-31e9-915a-69aa8b477cdf
END:VEVENT
BEGIN:VEVENT
DTEND:20230821T023000Z
DTSTAMP:20221231T160000Z
DTSTART:20230821T020000Z
SUMMARY:wakeup
UID:574df56f-3241-3938-a8d6-c915a142245c
END:VEVENT
BEGIN:VEVENT
DTEND:20230822T023000Z
DTSTAMP:20221231T160000Z
DTSTART:20230822T020000Z
SUMMARY:wakeup
UID:e686f870-47bc-31ea-99a8-19d5e8af26ac
END:VEVENT
BEGIN:VEVENT
DTEND:20230824T023000Z
DTSTAMP:20221231T160000Z
DTSTART:20230824T020000Z
SUMMARY:wakeup
UID:0e22572f-7e8e-396f-978f-4aabcd1781c4
END:VEVENT
BEGIN:VEVENT
DTEND:20230828T023000Z
DTSTAMP:20221231T160000Z
DTSTART:20230828T020000Z
SUMMARY:wakeup
UID:92315124-96ad-36c0-b54c-824ae90ded33
END:VEVENT
BEGIN:VEVENT
DTEND:20230829T023000Z
DTSTAMP:20221231T160000Z
DTSTART:20230829T020000Z
SUMMARY:wakeup
UID:99ca92ad-bb71-39c5-bfc7-376fbb8b2541
END:VEVENT
BEGIN:VEVENT
DTEND:20230831T023000Z
DTSTAMP:20221231T160000Z
DTSTART:20230831T020000Z
SUMMARY:wakeup
UID:adf5b5c7-0fbf-3d56-946f-b4f17ce25ee1
END:VEVENT
BEGIN:VEVENT
DTEND:20230904T023000Z
DTSTAMP:20221231T160000Z
DTSTART:20230904T020000Z
SUMMARY:wakeup
UID:caa30f84-2670-37ae-9b4f-27fda388fba0
END:VEVENT
BEGIN:VEVENT
DTEND:20230905T023000Z
DTSTAMP:20221231T160000Z
DTSTART:20230905T020000Z
SUMMARY:wakeup
UID:c72426f6-944e-3266-a371-013ab029ca5e
END:VEVENT
BEGIN:VEVENT
DTEND:20230907T023000Z
DTSTAMP:20221231T160000Z
DTSTART:20230907T020000Z
SUMMARY:wakeup
UID:1c8b2326-a124-329d-824d-47208bf02f1a
END:VEVENT
BEGIN:VEVENT
DTEND:20230911T023000Z
DTSTAMP:20221231T160000Z
DTSTART:20230911T020000Z
SUMMARY:wakeup
UID:72a88432-045f-358d-89f5-5744a0b03d94
END:VEVENT
BEGIN:VEVENT
DTEND:20230912T023000Z
DTSTAMP:20221231T160000Z
DTSTART:20230912T020000Z
SUMMARY:wakeup
UID:5ce69df4-4619-3d16-a869-37777be8c42a
END:VEVENT
BEGIN:VEVENT
DTEND:20230914T023000Z
DTSTAMP:20221231T160000Z
DTSTART:20230914T020000Z
SUMMARY:wakeup
UID:6fa387fd-0a0b-380a-8011-5203868a87b6
END:VEVENT
BEGIN:VEVENT
DTEND:20230918T023000Z
DTSTAMP:20221231T160000Z
DTSTART:20230918T020000Z
SUMMARY:wakeup
UID:081720fc-8774-3217-a8d4-dee54304b916
END:VEVENT
BEGIN:VEVENT
DTEND:20230919T023000Z
DTSTAMP:20221231T160000Z
DTSTART:20230919T020000Z
SUMMARY:wakeup
UID:3e026b0b-e2e5-361b-ac9b-b9e5d4738235
END:VEVENT
BEGIN:VEVENT
DTEND:20230921T023000Z
DTSTAMP:20221231T160000Z
DTSTART:20230921T020000Z
SUMMARY:wakeup
UID:206bf936-7a61-3242-8f03-e77d4cad23ba
END:VEVENT
BEGIN:VEVENT
DTEND:20230925T023000Z
DTSTAMP:20221231T160000Z
DTSTART:20230925T020000Z
SUMMARY:wakeup
UID:6eaebffc-e523-3cd0-8cdf-52542c21483d
END:VEVENT
BEGIN:VEVENT
DTEND:20230926T023000Z
DTSTAMP:20221231T160000Z
DTSTART:20230926T020000Z
SUMMARY:wakeup
UID:2584057e-59e3-331e-9c88-c0e5311ab5b0
END:VEVENT
BEGIN:VEVENT
DTEND:20230928T023000Z
DTSTAMP:20221231T160000Z
DTSTART:20230928T020000Z
SUMMARY:wakeup
UID:b269f2bc-0934-31c3-9ece-e57a6dadec9c
END:VEVENT
BEGIN:VEVENT
DTEND:20231002T023000Z
DTSTAMP:20221231T160000Z
DTSTART:20231002T020000Z
SUMMARY:wakeup
UID:f79a1072-021c-3856-b010-19823806d2e2
END:VEVENT
BEGIN:VEVENT
DTEND:20231003T023000Z
DTSTAMP:20221231T160000Z
DTSTART:20231003T020000Z
SUMMARY:wakeup
UID:34ef14c3-b657-35cf-9257-acedaca0bc3f
END:VEVENT
BEGIN:VEVENT
DTEND:20231005T023000Z
DTSTAMP:20221231T160000Z
DTSTART:20231005T020000Z
SUMMARY:wakeup
UID:7383550f-2890-38e8-a4f3-ebb4b1445ba9
END:VEVENT
BEGIN:VEVENT
DTEND:20231009T023000Z
DTSTAMP:20221231T160000Z
DTSTART:20231009T020000Z
SUMMARY:wakeup
UID:5b9ffa11-67b0-390f-be70-ff6678eedd2f
END:VEVENT
BEGIN:VEVENT
DTEND:20231010T023000Z
DTSTAMP:20221231T160000Z
DTSTART:20231010T020000Z
SUMMARY:wakeup
UID:94ba6eb4-9a4a-34fb-bfaa-de62f76161ed
END:VEVENT
BEGIN:VEVENT
DTEND:20231012T023000Z
DTSTAMP:20221231T160000Z
DTSTART:20231012T020000Z
SUMMARY:wakeup
UID:e3b9dcc4-425f-3332-8df7-7fcd37bec457
END:VEVENT
BEGIN:VEVENT
DTEND:20231016T023000Z
DTSTAMP:20221231T160000Z
DTSTART:20231016T020000Z
SUMMARY:wakeup
UID:4863d616-d857-328b-a599-80653b93e3d6
END:VEVENT
BEGIN:VEVENT
DTEND:20231017T023000Z
DTSTAMP:20221231T160000Z
DTSTART:20231017T020000Z
SUMMARY:wakeup
UID:7734a104-1b2d-3e15-83b6-8793393f6a54
END:VEVENT
BEGIN:VEVENT
DTEND:20231019T023000Z
DTSTAMP:20221231T160000Z
DTSTART:20231019T020000Z
SUMMARY:wakeup
UID:b658d551-1572-331a-8f8a-2a68dc9afbb5
END:VEVENT
BEGIN:VEVENT
DTEND:20231023T023000Z
DTSTAMP:20221231T160000Z
DTSTART:20231023T020000Z
SUMMARY:wakeup
UID:4f655f19-20bf-3a72-97a9-7ff4b0d59cdb
END:VEVENT
BEGIN:VEVENT
DTEND:20231024T023000Z
DTSTAMP:20221231T160000Z
DTSTART:20231024T020000Z
SUMMARY:wakeup
UID:e160ccac-cfe3-3502-8c09-ce0ca3381ef1
END:VEVENT
BEGIN:VEVENT
DTEND:20231026T023000Z
DTSTAMP:20221231T160000Z
DTSTART:20231026T020000Z
SUMMARY:wakeup
UID:8ab17d32-4419-39fc-b2fa-65177838ee62
END:VEVENT
BEGIN:VEVENT
DTEND:20231030T023000Z
DTSTAMP:20221231T160000Z
DTSTART:20231030T020000Z
SUMMARY:wakeup
UID:1d6d0773-4533-3c3f-a503-1d362c049581
END:VEVENT
BEGIN:VEVENT
DTEND:20231031T023000Z
DTSTAMP:20221231T160000Z
DTSTART:20231031T020000Z
SUMMARY:wakeup
UID:5ea993ef-4906-3363-83f3-0ae14632158e
END:VEVENT
BEGIN:VEVENT
DTEND:20231102T023000Z
DTSTAMP:20221231T160000Z
DTSTART:20231102T020000Z
SUMMARY:wakeup
UID:e8c20c1d-13fe-332e-b651-678ddf8d5ce1
END:VEVENT
BEGIN:VEVENT
DTEND:20231106T023000Z
DTSTAMP:20221231T160000Z
DTSTART:20231106T020000Z
SUMMARY:wakeup
UID:8c853b2a-454b-3624-ae63-f8867cbad175
END:VEVENT
BEGIN:VEVENT
DTEND:20231107T023000Z
DTSTAMP:20221231T160000Z
DTSTART:20231107T020000Z
SUMMARY:wakeup
UID:55f48c09-b61a-3efa-89a1-948b26e80ade
END:VEVENT
BEGIN:VEVENT
DTEND:20231109T023000Z
DTSTAMP:20221231T160000Z
DTSTART:20231109T020000Z
SUMMARY:wakeup
UID:ab0f6ced-db6d-3a91-808c-ead9c67bfaff
END:VEVENT
BEGIN:VEVENT
DTEND:20231113T023000Z
DTSTAMP:20221231T160000Z
DTSTART:20231113T020000Z
SUMMARY:wakeup
UID:1a96e96e-21d0-36dc-8ce6-75e550180bd8
END:VEVENT
BEGIN:VEVENT
DTEND:20231114T023000Z
DTSTAMP:20221231T160000Z
DTSTART:20231114T020000Z
SUMMARY:wakeup
UID:37422d5b-3754-32f9-a4ef-27bcb6485d58
END:VEVENT
BEGIN:VEVENT
DTEND:20231116T023000Z
DTSTAMP:20221231T160000Z
DTSTART:20231116T020000Z
SUMMARY:wakeup
UID:7443c808-b1e9-3425-9da7-f99c194ea555
END:VEVENT
BEGIN:VEVENT
DTEND:20231120T023000Z
DTSTAMP:20221231T160000Z
DTSTART:20231120T020000Z
SUMMARY:wakeup
UID:0b8d4fae-5fb4-31f4-96ef-8782a61b1fce
END:VEVENT
BEGIN:VEVENT
DTEND:20231121T023000Z
DTSTAMP:20221231T160000Z
DTSTART:20231121T020000Z
SUMMARY:wakeup
UID:41eb9141-48d3-3ef3-850d-def68c805aca
END:VEVENT
BEGIN:VEVENT
DTEND:20231123T023000Z
DTSTAMP:20221231T160000Z
DTSTART:20231123T020000Z
SUMMARY:wakeup
UID:a40b8d87-694b-34a5-9382-b3186289f88f
END:VEVENT
BEGIN:VEVENT
DTEND:20231127T023000Z
DTSTAMP:20221231T160000Z
DTSTART:20231127T020000Z
SUMMARY:wakeup
UID:7eb21a24-f63b-3381-b75e-d132fb8f0b82
END:VEVENT
BEGIN:VEVENT
DTEND:20231128T023000Z
DTSTAMP:20221231T160000Z
DTSTART:20231128T020000Z
SUMMARY:wakeup
UID:a7253966-1858-3f7f-8249-ec5b3ee7e0d1
END:VEVENT
BEGIN:VEVENT
DTEND:20231130T023000Z
DTSTAMP:20221231T160000Z
DTSTART:20231130T020000Z
SUMMARY:wakeup
UID:3f3a4915-2f96-333a-9e30-abb8b1a4842e
END:VEVENT
BEGIN:VEVENT
DTEND:20231204T023000Z
DTSTAMP:20221231T160000Z
DTSTART:20231204T020000Z
SUMMARY:wakeup
UID:ec18bf95-4e4b-37dd-be1e-9e7f73922145
END:VEVENT
BEGIN:VEVENT
DTEND:20231205T023000Z
DTSTAMP:20221231T160000Z
DTSTART:20231205T020000Z
SUMMARY:wakeup
UID:36573108-6f3a-3fa3-94da-307bda2c2db2
END:VEVENT
BEGIN:VEVENT
DTEND:20231207T023000Z
DTSTAMP:20221231T160000Z
DTSTART:20231207T020000Z
SUMMARY:wakeup
UID:a5122be8-624f-3611-a186-78c71550d55c
END:VEVENT
BEGIN:VEVENT
DTEND:20231211T023000Z
DTSTAMP:20221231T160000Z
DTSTART:20231211T020000Z
SUMMARY:wakeup
UID:7599d292-7f23-339d-a3b7-bff1e5e41081
END:VEVENT
BEGIN:VEVENT
DTEND:20231212T023000Z
DTSTAMP:20221231T160000Z
DTSTART:20231212T020000Z
SUMMARY:wakeup
UID:a4a85641-a5e1-3b64-ae20-c834af33575d
END:VEVENT
BEGIN:VEVENT
DTEND:20231214T023000Z
DTSTAMP:20221231T160000Z
DTSTART:20231214T020000Z
SUMMARY:wakeup
UID:86212082-40ce-32d1-9995-7035e349c97b
END:VEVENT
BEGIN:VEVENT
DTEND:20231218T023000Z
DTSTAMP:20221231T160000Z
DTSTART:20231218T020000Z
SUMMARY:wakeup
UID:e5781568-3eae-38d5-ad80-73f290287d2f
END:VEVENT
BEGIN:VEVENT
DTEND:20231219T023000Z
DTSTAMP:20221231T160000Z
DTSTART:20231219T020000Z
SUMMARY:wakeup
UID:87dbd803-ea74-3fad-911c-99e9ea7c27d3
END:VEVENT
BEGIN:VEVENT
DTEND:20231221T023000Z
DTSTAMP:20221231T160000Z
DTSTART:20231221T020000Z
SUMMARY:wakeup
UID:2917714b-3e63-3b9b-ad53-a2b5255b12df
END:VEVENT
BEGIN:VEVENT
DTEND:20231225T023000Z
DTSTAMP:20221231T160000Z
DTSTART:20231225T020000Z
SUMMARY:wakeup
UID:c458aa45-85df-331c-af2e-c97a99664042
END:VEVENT
BEGIN:VEVENT
DTEND:20231226T023000Z
DTSTAMP:20221231T160000Z
DTSTART:20231226T020000Z
SUMMARY:wakeup
UID:c9fb973b-985f-3be5-b103-93333dc4927f
END:VEVENT
BEGIN:VEVENT
DTEND:20231228T023000Z
DTSTAMP:20221231T160000Z
DTSTART:20231228T020000Z
SUMMARY:wakeup
UID:724abc45-3fc4-3e11-86aa-965a94911aae
END:VEVENT
BEGIN:VEVENT
DTEND:20230107T123000Z
DTSTAMP:20221231T160000Z
DTSTART:20230107T120000Z
SUMMARY:wekly review
UID:3033066c-5f88-34aa-b2f5-8e4961c62d76
END:VEVENT
BEGIN:VEVENT
DTEND:20230114T123000Z
DTSTAMP:20221231T160000Z
DTSTART:20230114T120000Z
SUMMARY:wekly review
UID:f8bc758e-3a44-30c6-91c6-67515e4d24fe
END:VEVENT
BEGIN:VEVENT
DTEND:20230121T123000Z
DTSTAMP:20221231T160000Z
DTSTART:20230121T120000Z
SUMMARY:wekly review
UID:b6041e3d-518e-327f-9124-71ce71311572
END:VEVENT
BEGIN:VEVENT
DTEND:20230128T123000Z
DTSTAMP:20221231T160000Z
DTSTART:20230128T120000Z
SUMMARY:wekly review
UID:85558b5e-0579-3142-b220-2a81ab7971b2
END:VEVENT
BEGIN:VEVENT
DTEND:20230204T123000Z
DTSTAMP:20221231T160000Z
DTSTART:20230204T120000Z
SUMMARY:wekly review
UID:bdaf7960-e323-3513-ba45-ba3099068801
END:VEVENT
BEGIN:VEVENT
DTEND:20230211T123000Z
DTSTAMP:20221231T160000Z
DTSTART:20230211T120000Z
SUMMARY:wekly review
UID:cafdcfc2-3248-3bf6-a8ea-9ef44dbe7f3b
END:VEVENT
BEGIN:VEVENT
DTEND:20230218T123000Z
DTSTAMP:20221231T160000Z
DTSTART:20230218T120000Z
SUMMARY:wekly review
UID:a732b882-31f1-33de-8d79-fc61946e79e9
END:VEVENT
BEGIN:VEVENT
DTEND:20230225T123000Z
DTSTAMP:20221231T160000Z
DTSTART:20230225T120000Z
SUMMARY:wekly review
UID:beffe967-db5d-3b93-9b85-ba625258b010
END:VEVENT
BEGIN:VEVENT
DTEND:20230304T123000Z
DTSTAMP:20221231T160000Z
DTSTART:20230304T120000Z
SUMMARY:wekly review
UID:4286fc64-7255-38a4-af47-b85b8eb71629
END:VEVENT
BEGIN:VEVENT
DTEND:20230311T123000Z
DTSTAMP:20221231T160000Z
DTSTART:20230311T120000Z
SUMMARY:wekly review
UID:edad32c2-3f8b-39dc-a5ba-d4ff1fb135e0
END:VEVENT
BEGIN:VEVENT
DTEND:20230318T123000Z
DTSTAMP:20221231T160000Z
DTSTART:20230318T120000Z
SUMMARY:wekly review
UID:afdc8422-bec9-36e6-aeb1-d63fa4178a08
END:VEVENT
BEGIN:VEVENT
DTEND:20230325T123000Z
DTSTAMP:20221231T160000Z
DTSTART:20230325T120000Z
SUMMARY:wekly review
UID:50ac9246-7918-3c60-b546-b3ed9cf0f797
END:VEVENT
BEGIN:VEVENT
DTEND:20230401T123000Z
DTSTAMP:20221231T160000Z
DTSTART:20230401T120000Z
SUMMARY:wekly review
UID:ffae1429-7db2-31fb-a6cd-b3196b65617a
END:VEVENT
BEGIN:VEVENT
DTEND:20230408T123000Z
DTSTAMP:20221231T160000Z
DTSTART:20230408T120000Z
SUMMARY:wekly review
UID:cb3fc3d4-d607-3da1-864d-506ea589e0a7
END:VEVENT
BEGIN:VEVENT
DTEND:20230415T123000Z
DTSTAMP:20221231T160000Z
DTSTART:20230415T120000Z
SUMMARY:wekly review
UID:bbe347c1-af38-3e11-94a8-0641508bfc32
END:VEVENT
BEGIN:VEVENT
DTEND:20230422T123000Z
DTSTAMP:20221231T160000Z
DTSTART:20230422T120000Z
SUMMARY:wekly review
UID:20106df7-c53c-336f-b0d2-82587e88c36a
END:VEVENT
BEGIN:VEVENT
DTEND:20230429T123000Z
DTSTAMP:20221231T160000Z
DTSTART:20230429T120000Z
SUMMARY:wekly review
UID:78bbd054-bdaf-3b8d-a9d0-c09effc4cb13
END:VEVENT
BEGIN:VEVENT
DTEND:20230506T123000Z
DTSTAMP:20221231T160000Z
DTSTART:20230506T120000Z
SUMMARY:wekly review
UID:2259f0f8-66ea-3ae0-a168-4a34b02a4a0f
END:VEVENT
BEGIN:VEVENT
DTEND:20230513T123000Z
DTSTAMP:20221231T160000Z
DTSTART:20230513T120000Z
SUMMARY:wekly review
UID:5bfd8d8e-8af6-393e-8adc-ae604081a171
END:VEVENT
BEGIN:VEVENT
DTEND:20230520T123000Z
DTSTAMP:20221231T160000Z
DTSTART:20230520T120000Z
SUMMARY:wekly review
UID:e147031b-89c8-3a7e-8d56-b3b59c4e2e2c
END:VEVENT
BEGIN:VEVENT
DTEND:20230527T123000Z
DTSTAMP:20221231T160000Z
DTSTART:20230527T120000Z
SUMMARY:wekly review
UID:2dbcd3a1-1b64-312f-a79c-95160531ad86
END:VEVENT
BEGIN:VEVENT
DTEND:20230603T123000Z
DTSTAMP:20221231T160000Z
DTSTART:20230603T120000Z
SUMMARY:wekly review
UID:40e52f05-56f6-3e58-a07c-a2e965152cf9
END:VEVENT
BEGIN:VEVENT
DTEND:20230610T123000Z
DTSTAMP:20221231T160000Z
DTSTART:20230610T120000Z
SUMMARY:wekly review
UID:78a74023-e03b-3699-a169-aed8040fa12d
END:VEVENT
BEGIN:VEVENT
DTEND:20230617T123000Z
DTSTAMP:20221231T160000Z
DTSTART:20230617T120000Z
SUMMARY:wekly review
UID:f433ee23-9a0f-3a40-b0ac-6da5b066785f
END:VEVENT
BEGIN:VEVENT
DTEND:20230624T123000Z
DTSTAMP:20221231T160000Z
DTSTART:20230624T120000Z
SUMMARY:wekly review
UID:53434d24-14ba-39bf-9a3a-478a787355f8
END:VEVENT
BEGIN:VEVENT
DTEND:20230701T123000Z
DTSTAMP:20221231T160000Z
DTSTART:20230701T120000Z
SUMMARY:wekly review
UID:13181f34-a509-3d01-8a26-e8c36c3d9e52
END:VEVENT
BEGIN:VEVENT
DTEND:20230708T123000Z
DTSTAMP:20221231T160000Z
DTSTART:20230708T120000Z
SUMMARY:wekly review
UID:a1ac21c5-3b1a-3ad8-adfe-76539f91c731
END:VEVENT
BEGIN:VEVENT
DTEND:20230715T123000Z
DTSTAMP:20221231T160000Z
DTSTART:20230715T120000Z
SUMMARY:wekly review
UID:10785090-10b2-31e3-be82-11ed04f36bb8
END:VEVENT
BEGIN:VEVENT
DTEND:20230722T123000Z
DTSTAMP:20221231T160000Z
DTSTART:20230722T120000Z
SUMMARY:wekly review
UID:c4f877f4-f0c2-3fa9-8cc0-dddd81170ff4
END:VEVENT
BEGIN:VEVENT
DTEND:20230729T123000Z
DTSTAMP:20221231T160000Z
DTSTART:20230729T120000Z
SUMMARY:wekly review
UID:bf160d5d-0f19-31f4-a94c-b74880ed893e
END:VEVENT
BEGIN:VEVENT
DTEND:20230805T123000Z
DTSTAMP:20221231T160000Z
DTSTART:20230805T120000Z
SUMMARY:wekly review
UID:4f15a421-dd51-3e7c-aa1e-7ffa6bf46d96
END:VEVENT
BEGIN:VEVENT
DTEND:20230812T123000Z
DTSTAMP:20221231T160000Z
DTSTART:20230812T120000Z
SUMMARY:wekly review
UID:d792c6a4-2784-3006-8b51-7d7151891f40
END:VEVENT
BEGIN:VEVENT
DTEND:20230819T123000Z
DTSTAMP:20221231T160000Z
DTSTART:20230819T120000Z
SUMMARY:wekly review
UID:617f16be-514f-3f81-ba38-962024a2a0dc
END:VEVENT
BEGIN:VEVENT
DTEND:20230826T123000Z
DTSTAMP:20221231T160000Z
DTSTART:20230826T120000Z
SUMMARY:wekly review
UID:a729ec6d-1be4-3b81-b1a1-162288fd8e86
END:VEVENT
BEGIN:VEVENT
DTEND:20230902T123000Z
DTSTAMP:20221231T160000Z
DTSTART:20230902T120000Z
SUMMARY:wekly review
UID:a91150d1-63ec-319c-ad23-481d0d54e8ac
END:VEVENT
BEGIN:VEVENT
DTEND:20230909T123000Z
DTSTAMP:20221231T160000Z
DTSTART:20230909T120000Z
SUMMARY:wekly review
UID:2ac421a4-96ed-3935-ba78-42b584aa2201
END:VEVENT
BEGIN:VEVENT
DTEND:20230916T123000Z
DTSTAMP:20221231T160000Z
DTSTART:20230916T120000Z
SUMMARY:wekly review
UID:74c2f73c-5261-3add-8c26-37ece213883e
END:VEVENT
BEGIN:VEVENT
DTEND:20230923T123000Z
DTSTAMP:20221231T160000Z
DTSTART:20230923T120000Z
SUMMARY:wekly review
UID:95090685-452a-38c5-bd46-36365826aeee
END:VEVENT
BEGIN:VEVENT
DTEND:20230930T123000Z
DTSTAMP:20221231T160000Z
DTSTART:20230930T120000Z
SUMMARY:wekly review
UID:bb79881c-1c7d-351e-b478-1bd7bbe95c76
END:VEVENT
BEGIN:VEVENT
DTEND:20231007T123000Z
DTSTAMP:20221231T160000Z
DTSTART:20231007T120000Z
SUMMARY:wekly review
UID:437d0027-6c36-3905-b0c7-046a40e395dd
END:VEVENT
BEGIN:VEVENT
DTEND:20231014T123000Z
DTSTAMP:20221231T160000Z
DTSTART:20231014T120000Z
SUMMARY:wekly review
UID:634a4bfa-b43a-3e35-92c4-ea4b1836ff61
END:VEVENT
BEGIN:VEVENT
DTEND:20231021T123000Z
DTSTAMP:20221231T160000Z
DTSTART:20231021T120000Z
SUMMARY:wekly review
UID:2e09b47a-1359-377f-b5ab-11d9fa6e8ae2
END:VEVENT
BEGIN:VEVENT
DTEND:20231028T123000Z
DTSTAMP:20221231T160000Z
DTSTART:20231028T120000Z
SUMMARY:wekly review
UID:005bf56e-0e64-3a3a-8300-961952106113
END:VEVENT
BEGIN:VEVENT
DTEND:20231104T123000Z
DTSTAMP:20221231T160000Z
DTSTART:20231104T120000Z
SUMMARY:wekly review
UID:cc1684a2-b374-3bae-968a-982d2a18aa20
END:VEVENT
BEGIN:VEVENT
DTEND:20231111T123000Z
DTSTAMP:20221231T160000Z
DTSTART:20231111T120000Z
SUMMARY:wekly review
UID:4810f81b-b795-3758-9e45-a8e80195e4ff
END:VEVENT
BEGIN:VEVENT
DTEND:20231118T123000Z
DTSTAMP:20221231T160000Z
DTSTART:20231118T120000Z
SUMMARY:wekly review
UID:7ec54755-bfcb-313b-85d1-be514a69621f
END:VEVENT
BEGIN:VEVENT
DTEND:20231125T123000Z
DTSTAMP:20221231T160000Z
DTSTART:20231125T120000Z
SUMMARY:wekly review
UID:e0631c19-a9ba-3d5a-b0ba-24b9d7169ecc
END:VEVENT
BEGIN:VEVENT
DTEND:20231202T123000Z
DTSTAMP:20221231T160000Z
DTSTART:20231202T120000Z
SUMMARY:wekly review
UID:df116c02-9526-3a4e-a863-40b373d33e7d
END:VEVENT
BEGIN:VEVENT
DTEND:20231209T123000Z
DTSTAMP:20221231T160000Z
DTSTART:20231209T120000Z
SUMMARY:wekly review
UID:368a0c92-4c98-375e-89ca-ead99c4c88e3
END:VEVENT
BEGIN:VEVENT
DTEND:20231216T123000Z
DTSTAMP:20221231T160000Z
DTSTART:20231216T120000Z
SUMMARY:wekly review
UID:7cc3b0ff-17d1-352f-a9ad-06d7bf95d7fd
END:VEVENT
BEGIN:VEVENT
DTEND:20231223T123000Z
DTSTAMP:20221231T160000Z
DTSTART:20231223T120000Z
SUMMARY:wekly review
UID:cc245222-c90d-33ae-a6fe-e4d512968bd7
END:VEVENT
BEGIN:VEVENT
DTEND:20231230T123000Z
DTSTAMP:20221231T160000Z
DTSTART:20231230T120000Z
SUMMARY:wekly review
UID:41c40040-724e-3ee9-82d4-2ccc257b96f1
END:VEVENT
END:VCALENDAR

